// Jest Snapshot v1, https://goo.gl/fbAQLP

exports[`<BackButton /> renders correctly 1`] = `
<View
  collapsable={false}
  style={
    Object {
      "alignSelf": undefined,
      "bottom": undefined,
      "end": undefined,
      "left": 4,
      "position": "absolute",
      "right": undefined,
      "shadowColor": "#000",
      "shadowOffset": Object {
        "height": 0,
        "width": 0,
      },
      "shadowOpacity": 0,
      "shadowRadius": 0,
      "start": undefined,
      "top": 20,
    }
  }
>
  <View
    collapsable={false}
    style={
      Object {
        "shadowColor": "#000",
        "shadowOffset": Object {
          "height": 0,
          "width": 0,
        },
        "shadowOpacity": 0,
        "shadowRadius": 0,
      }
    }
  >
    <View
      collapsable={false}
      style={
        Object {
          "backgroundColor": undefined,
          "borderColor": "rgba(121, 116, 126, 1)",
          "borderRadius": 23,
          "borderWidth": 0,
          "elevation": 0,
          "height": 46,
          "margin": 6,
          "overflow": "hidden",
          "width": 46,
        }
      }
    >
      <View
        accessibilityComponentType="button"
        accessibilityRole="button"
        accessibilityState={
          Object {
            "disabled": true,
          }
        }
        accessibilityTraits="button"
        accessible={true}
        centered={true}
        collapsable={false}
        focusable={true}
        hitSlop={
          Object {
            "bottom": 6,
            "left": 6,
            "right": 6,
            "top": 6,
          }
        }
        onBlur={[Function]}
        onClick={[Function]}
        onFocus={[Function]}
        onResponderGrant={[Function]}
        onResponderMove={[Function]}
        onResponderRelease={[Function]}
        onResponderTerminate={[Function]}
        onResponderTerminationRequest={[Function]}
        onStartShouldSetResponder={[Function]}
        style={
          Array [
            Object {
              "overflow": "hidden",
            },
            false,
            Array [
              Object {
                "alignItems": "center",
                "flexGrow": 1,
                "justifyContent": "center",
              },
              Object {
                "borderRadius": 23,
              },
            ],
          ]
        }
      >
        <Text />
      </View>
    </View>
  </View>
</View>
`;
